RUNTIME ERROR: Unexpected type string, expected array
-------------------------------------------------
	testdata/array_comp_try_iterate_over_string:1:1-17	

[a for a in 'b']

-------------------------------------------------
	During evaluation	


