RUNTIME ERROR: Unexpected type string, expected array
-------------------------------------------------
	testdata/array_comp_try_iterate_over_empty_string:1:1-16	

[a for a in '']

-------------------------------------------------
	During evaluation	


