RUNTIME ERROR: Assertion failed. "\n " != "\n"
-------------------------------------------------
	<std>:850:7-56	function <anonymous>

      error 'Assertion failed. ' + astr + ' != ' + bstr,

-------------------------------------------------
	testdata/assert_equal5:1:1-29	$

std.assertEqual("\n ", "\n")

-------------------------------------------------
	During evaluation	


