RUNTIME ERROR: Unexpected type object, expected array
-------------------------------------------------
	testdata/object_comp_try_iterate_over_obj:1:1-23	

{ [a]: 0 for a in {} }

-------------------------------------------------
	testdata/object_comp_try_iterate_over_obj:1:1-23	

{ [a]: 0 for a in {} }

-------------------------------------------------
	During evaluation	


