RUNTIME ERROR: Expected at least one element in array. Got none
-------------------------------------------------
	testdata/std.minArrayOnEmpty:1:1-17	$

std.minArray([])

-------------------------------------------------
	During evaluation	


